#-----------------------------------------------------------
# Vivado v2022.2 (64-bit)
# SW Build 3671981 on Fri Oct 14 04:59:54 MDT 2022
# IP Build 3669848 on Fri Oct 14 08:30:02 MDT 2022
# Start of session at: Sun Apr 19 18:57:22 2026
# Process ID: 204127
# Current directory: /home/STUDENTS/varun/Desktop/Major_Project/BTP_ML_ACCEL/FPGA_Deploy/vivado/knn_accel_overlay/knn_accel_overlay.runs/impl_1
# Command line: vivado -log design_1_wrapper.vdi -applog -product Vivado -messageDb vivado.pb -mode batch -source design_1_wrapper.tcl -notrace
# Log file: /home/STUDENTS/varun/Desktop/Major_Project/BTP_ML_ACCEL/FPGA_Deploy/vivado/knn_accel_overlay/knn_accel_overlay.runs/impl_1/design_1_wrapper.vdi
# Journal file: /home/STUDENTS/varun/Desktop/Major_Project/BTP_ML_ACCEL/FPGA_Deploy/vivado/knn_accel_overlay/knn_accel_overlay.runs/impl_1/vivado.jou
# Running On: vlsilabserver, OS: Linux, CPU Frequency: 2962.808 MHz, CPU Physical cores: 18, Host memory: 67086 MB
#-----------------------------------------------------------
source design_1_wrapper.tcl -notrace
