Copyright 1986-2022 Xilinx, Inc. All Rights Reserved.
------------------------------------------------------------------------------------------------------------------------------------------
| Tool Version : Vivado v.2022.2 (lin64) Build 3671981 Fri Oct 14 04:59:54 MDT 2022
| Date         : Sun Apr 19 19:33:19 2026
| Host         : vlsilabserver running 64-bit Ubuntu 24.04.4 LTS
| Command      : report_drc -file design_1_wrapper_drc_routed.rpt -pb design_1_wrapper_drc_routed.pb -rpx design_1_wrapper_drc_routed.rpx
| Design       : design_1_wrapper
| Device       : xc7z020clg400-1
| Speed File   : -1
| Design State : Fully Routed
------------------------------------------------------------------------------------------------------------------------------------------

Report DRC

Table of Contents
-----------------
1. REPORT SUMMARY
2. REPORT DETAILS

1. REPORT SUMMARY
-----------------
            Netlist: netlist
          Floorplan: design_1
      Design limits: <entire design considered>
           Ruledeck: default
             Max violations: <unlimited>
             Violations found: 89
+-----------+----------+-------------------------+------------+
| Rule      | Severity | Description             | Violations |
+-----------+----------+-------------------------+------------+
| DPIP-1    | Warning  | Input pipelining        | 65         |
| DPOP-1    | Warning  | PREG Output pipelining  | 5          |
| DPOP-2    | Warning  | MREG Output pipelining  | 13         |
| PDCN-1569 | Warning  | LUT equation term check | 3          |
| RTSTAT-10 | Warning  | No routable loads       | 1          |
| REQP-181  | Advisory | writefirst              | 2          |
+-----------+----------+-------------------------+------------+

2. REPORT DETAILS
-----------------
DPIP-1#1 Warning
Input pipelining  
DSP design_1_i/svm_accel_0/inst/grp_svm_accel_Pipeline_KERNEL_LOOP_fu_2106/mac_muladd_16s_16s_32ns_32_4_1_U100/svm_accel_mac_muladd_16s_16s_32ns_32_4_1_DSP48_1_U/p_reg_reg input design_1_i/svm_accel_0/inst/grp_svm_accel_Pipeline_KERNEL_LOOP_fu_2106/mac_muladd_16s_16s_32ns_32_4_1_U100/svm_accel_mac_muladd_16s_16s_32ns_32_4_1_DSP48_1_U/p_reg_reg/C[47:0] is not pipelined. Pipelining DSP48 input will improve performance.
Related violations: <none>

DPIP-1#2 Warning
Input pipelining  
DSP design_1_i/svm_accel_0/inst/grp_svm_accel_Pipeline_KERNEL_LOOP_fu_2106/mac_muladd_16s_16s_32ns_32_4_1_U101/svm_accel_mac_muladd_16s_16s_32ns_32_4_1_DSP48_1_U/p_reg_reg input design_1_i/svm_accel_0/inst/grp_svm_accel_Pipeline_KERNEL_LOOP_fu_2106/mac_muladd_16s_16s_32ns_32_4_1_U101/svm_accel_mac_muladd_16s_16s_32ns_32_4_1_DSP48_1_U/p_reg_reg/C[47:0] is not pipelined. Pipelining DSP48 input will improve performance.
Related violations: <none>

DPIP-1#3 Warning
Input pipelining  
DSP design_1_i/svm_accel_0/inst/grp_svm_accel_Pipeline_KERNEL_LOOP_fu_2106/mac_muladd_16s_16s_32ns_32_4_1_U102/svm_accel_mac_muladd_16s_16s_32ns_32_4_1_DSP48_1_U/p_reg_reg input design_1_i/svm_accel_0/inst/grp_svm_accel_Pipeline_KERNEL_LOOP_fu_2106/mac_muladd_16s_16s_32ns_32_4_1_U102/svm_accel_mac_muladd_16s_16s_32ns_32_4_1_DSP48_1_U/p_reg_reg/C[47:0] is not pipelined. Pipelining DSP48 input will improve performance.
Related violations: <none>

DPIP-1#4 Warning
Input pipelining  
DSP design_1_i/svm_accel_0/inst/grp_svm_accel_Pipeline_KERNEL_LOOP_fu_2106/mac_muladd_16s_16s_32ns_32_4_1_U103/svm_accel_mac_muladd_16s_16s_32ns_32_4_1_DSP48_1_U/p_reg_reg input design_1_i/svm_accel_0/inst/grp_svm_accel_Pipeline_KERNEL_LOOP_fu_2106/mac_muladd_16s_16s_32ns_32_4_1_U103/svm_accel_mac_muladd_16s_16s_32ns_32_4_1_DSP48_1_U/p_reg_reg/C[47:0] is not pipelined. Pipelining DSP48 input will improve performance.
Related violations: <none>

DPIP-1#5 Warning
Input pipelining  
DSP design_1_i/svm_accel_0/inst/grp_svm_accel_Pipeline_KERNEL_LOOP_fu_2106/mac_muladd_16s_16s_32ns_32_4_1_U104/svm_accel_mac_muladd_16s_16s_32ns_32_4_1_DSP48_1_U/p_reg_reg input design_1_i/svm_accel_0/inst/grp_svm_accel_Pipeline_KERNEL_LOOP_fu_2106/mac_muladd_16s_16s_32ns_32_4_1_U104/svm_accel_mac_muladd_16s_16s_32ns_32_4_1_DSP48_1_U/p_reg_reg/C[47:0] is not pipelined. Pipelining DSP48 input will improve performance.
Related violations: <none>

DPIP-1#6 Warning
Input pipelining  
DSP design_1_i/svm_accel_0/inst/grp_svm_accel_Pipeline_KERNEL_LOOP_fu_2106/mac_muladd_16s_16s_32ns_32_4_1_U105/svm_accel_mac_muladd_16s_16s_32ns_32_4_1_DSP48_1_U/p_reg_reg input design_1_i/svm_accel_0/inst/grp_svm_accel_Pipeline_KERNEL_LOOP_fu_2106/mac_muladd_16s_16s_32ns_32_4_1_U105/svm_accel_mac_muladd_16s_16s_32ns_32_4_1_DSP48_1_U/p_reg_reg/C[47:0] is not pipelined. Pipelining DSP48 input will improve performance.
Related violations: <none>

DPIP-1#7 Warning
Input pipelining  
DSP design_1_i/svm_accel_0/inst/grp_svm_accel_Pipeline_KERNEL_LOOP_fu_2106/mac_muladd_16s_16s_32ns_32_4_1_U106/svm_accel_mac_muladd_16s_16s_32ns_32_4_1_DSP48_1_U/p_reg_reg input design_1_i/svm_accel_0/inst/grp_svm_accel_Pipeline_KERNEL_LOOP_fu_2106/mac_muladd_16s_16s_32ns_32_4_1_U106/svm_accel_mac_muladd_16s_16s_32ns_32_4_1_DSP48_1_U/p_reg_reg/C[47:0] is not pipelined. Pipelining DSP48 input will improve performance.
Related violations: <none>

DPIP-1#8 Warning
Input pipelining  
DSP design_1_i/svm_accel_0/inst/grp_svm_accel_Pipeline_KERNEL_LOOP_fu_2106/mac_muladd_16s_16s_32ns_32_4_1_U107/svm_accel_mac_muladd_16s_16s_32ns_32_4_1_DSP48_1_U/p_reg_reg input design_1_i/svm_accel_0/inst/grp_svm_accel_Pipeline_KERNEL_LOOP_fu_2106/mac_muladd_16s_16s_32ns_32_4_1_U107/svm_accel_mac_muladd_16s_16s_32ns_32_4_1_DSP48_1_U/p_reg_reg/C[47:0] is not pipelined. Pipelining DSP48 input will improve performance.
Related violations: <none>

DPIP-1#9 Warning
Input pipelining  
DSP design_1_i/svm_accel_0/inst/grp_svm_accel_Pipeline_KERNEL_LOOP_fu_2106/mac_muladd_16s_16s_32ns_32_4_1_U108/svm_accel_mac_muladd_16s_16s_32ns_32_4_1_DSP48_1_U/p_reg_reg input design_1_i/svm_accel_0/inst/grp_svm_accel_Pipeline_KERNEL_LOOP_fu_2106/mac_muladd_16s_16s_32ns_32_4_1_U108/svm_accel_mac_muladd_16s_16s_32ns_32_4_1_DSP48_1_U/p_reg_reg/C[47:0] is not pipelined. Pipelining DSP48 input will improve performance.
Related violations: <none>

DPIP-1#10 Warning
Input pipelining  
DSP design_1_i/svm_accel_0/inst/grp_svm_accel_Pipeline_KERNEL_LOOP_fu_2106/mac_muladd_16s_16s_32ns_32_4_1_U109/svm_accel_mac_muladd_16s_16s_32ns_32_4_1_DSP48_1_U/p_reg_reg input design_1_i/svm_accel_0/inst/grp_svm_accel_Pipeline_KERNEL_LOOP_fu_2106/mac_muladd_16s_16s_32ns_32_4_1_U109/svm_accel_mac_muladd_16s_16s_32ns_32_4_1_DSP48_1_U/p_reg_reg/C[47:0] is not pipelined. Pipelining DSP48 input will improve performance.
Related violations: <none>

DPIP-1#11 Warning
Input pipelining  
DSP design_1_i/svm_accel_0/inst/grp_svm_accel_Pipeline_KERNEL_LOOP_fu_2106/mac_muladd_16s_16s_32ns_32_4_1_U110/svm_accel_mac_muladd_16s_16s_32ns_32_4_1_DSP48_1_U/p_reg_reg input design_1_i/svm_accel_0/inst/grp_svm_accel_Pipeline_KERNEL_LOOP_fu_2106/mac_muladd_16s_16s_32ns_32_4_1_U110/svm_accel_mac_muladd_16s_16s_32ns_32_4_1_DSP48_1_U/p_reg_reg/C[47:0] is not pipelined. Pipelining DSP48 input will improve performance.
Related violations: <none>

DPIP-1#12 Warning
Input pipelining  
DSP design_1_i/svm_accel_0/inst/grp_svm_accel_Pipeline_KERNEL_LOOP_fu_2106/mac_muladd_16s_16s_32ns_32_4_1_U111/svm_accel_mac_muladd_16s_16s_32ns_32_4_1_DSP48_1_U/p_reg_reg input design_1_i/svm_accel_0/inst/grp_svm_accel_Pipeline_KERNEL_LOOP_fu_2106/mac_muladd_16s_16s_32ns_32_4_1_U111/svm_accel_mac_muladd_16s_16s_32ns_32_4_1_DSP48_1_U/p_reg_reg/C[47:0] is not pipelined. Pipelining DSP48 input will improve performance.
Related violations: <none>

DPIP-1#13 Warning
Input pipelining  
DSP design_1_i/svm_accel_0/inst/grp_svm_accel_Pipeline_KERNEL_LOOP_fu_2106/mac_muladd_16s_16s_32ns_32_4_1_U112/svm_accel_mac_muladd_16s_16s_32ns_32_4_1_DSP48_1_U/p_reg_reg input design_1_i/svm_accel_0/inst/grp_svm_accel_Pipeline_KERNEL_LOOP_fu_2106/mac_muladd_16s_16s_32ns_32_4_1_U112/svm_accel_mac_muladd_16s_16s_32ns_32_4_1_DSP48_1_U/p_reg_reg/C[47:0] is not pipelined. Pipelining DSP48 input will improve performance.
Related violations: <none>

DPIP-1#14 Warning
Input pipelining  
DSP design_1_i/svm_accel_0/inst/grp_svm_accel_Pipeline_KERNEL_LOOP_fu_2106/mac_muladd_16s_16s_32ns_32_4_1_U113/svm_accel_mac_muladd_16s_16s_32ns_32_4_1_DSP48_1_U/p_reg_reg input design_1_i/svm_accel_0/inst/grp_svm_accel_Pipeline_KERNEL_LOOP_fu_2106/mac_muladd_16s_16s_32ns_32_4_1_U113/svm_accel_mac_muladd_16s_16s_32ns_32_4_1_DSP48_1_U/p_reg_reg/C[47:0] is not pipelined. Pipelining DSP48 input will improve performance.
Related violations: <none>

DPIP-1#15 Warning
Input pipelining  
DSP design_1_i/svm_accel_0/inst/grp_svm_accel_Pipeline_KERNEL_LOOP_fu_2106/mac_muladd_16s_16s_32ns_32_4_1_U114/svm_accel_mac_muladd_16s_16s_32ns_32_4_1_DSP48_1_U/p_reg_reg input design_1_i/svm_accel_0/inst/grp_svm_accel_Pipeline_KERNEL_LOOP_fu_2106/mac_muladd_16s_16s_32ns_32_4_1_U114/svm_accel_mac_muladd_16s_16s_32ns_32_4_1_DSP48_1_U/p_reg_reg/C[47:0] is not pipelined. Pipelining DSP48 input will improve performance.
Related violations: <none>

DPIP-1#16 Warning
Input pipelining  
DSP design_1_i/svm_accel_0/inst/grp_svm_accel_Pipeline_KERNEL_LOOP_fu_2106/mac_muladd_16s_16s_32ns_32_4_1_U115/svm_accel_mac_muladd_16s_16s_32ns_32_4_1_DSP48_1_U/p_reg_reg input design_1_i/svm_accel_0/inst/grp_svm_accel_Pipeline_KERNEL_LOOP_fu_2106/mac_muladd_16s_16s_32ns_32_4_1_U115/svm_accel_mac_muladd_16s_16s_32ns_32_4_1_DSP48_1_U/p_reg_reg/C[47:0] is not pipelined. Pipelining DSP48 input will improve performance.
Related violations: <none>

DPIP-1#17 Warning
Input pipelining  
DSP design_1_i/svm_accel_0/inst/grp_svm_accel_Pipeline_KERNEL_LOOP_fu_2106/mac_muladd_16s_16s_32ns_32_4_1_U116/svm_accel_mac_muladd_16s_16s_32ns_32_4_1_DSP48_1_U/p_reg_reg input design_1_i/svm_accel_0/inst/grp_svm_accel_Pipeline_KERNEL_LOOP_fu_2106/mac_muladd_16s_16s_32ns_32_4_1_U116/svm_accel_mac_muladd_16s_16s_32ns_32_4_1_DSP48_1_U/p_reg_reg/C[47:0] is not pipelined. Pipelining DSP48 input will improve performance.
Related violations: <none>

DPIP-1#18 Warning
Input pipelining  
DSP design_1_i/svm_accel_0/inst/grp_svm_accel_Pipeline_KERNEL_LOOP_fu_2106/mac_muladd_16s_16s_32ns_32_4_1_U117/svm_accel_mac_muladd_16s_16s_32ns_32_4_1_DSP48_1_U/p_reg_reg input design_1_i/svm_accel_0/inst/grp_svm_accel_Pipeline_KERNEL_LOOP_fu_2106/mac_muladd_16s_16s_32ns_32_4_1_U117/svm_accel_mac_muladd_16s_16s_32ns_32_4_1_DSP48_1_U/p_reg_reg/C[47:0] is not pipelined. Pipelining DSP48 input will improve performance.
Related violations: <none>

DPIP-1#19 Warning
Input pipelining  
DSP design_1_i/svm_accel_0/inst/grp_svm_accel_Pipeline_KERNEL_LOOP_fu_2106/mac_muladd_16s_16s_32ns_32_4_1_U118/svm_accel_mac_muladd_16s_16s_32ns_32_4_1_DSP48_1_U/p_reg_reg input design_1_i/svm_accel_0/inst/grp_svm_accel_Pipeline_KERNEL_LOOP_fu_2106/mac_muladd_16s_16s_32ns_32_4_1_U118/svm_accel_mac_muladd_16s_16s_32ns_32_4_1_DSP48_1_U/p_reg_reg/C[47:0] is not pipelined. Pipelining DSP48 input will improve performance.
Related violations: <none>

DPIP-1#20 Warning
Input pipelining  
DSP design_1_i/svm_accel_0/inst/grp_svm_accel_Pipeline_KERNEL_LOOP_fu_2106/mac_muladd_16s_16s_32ns_32_4_1_U119/svm_accel_mac_muladd_16s_16s_32ns_32_4_1_DSP48_1_U/p_reg_reg input design_1_i/svm_accel_0/inst/grp_svm_accel_Pipeline_KERNEL_LOOP_fu_2106/mac_muladd_16s_16s_32ns_32_4_1_U119/svm_accel_mac_muladd_16s_16s_32ns_32_4_1_DSP48_1_U/p_reg_reg/C[47:0] is not pipelined. Pipelining DSP48 input will improve performance.
Related violations: <none>

DPIP-1#21 Warning
Input pipelining  
DSP design_1_i/svm_accel_0/inst/grp_svm_accel_Pipeline_KERNEL_LOOP_fu_2106/mac_muladd_16s_16s_32ns_32_4_1_U120/svm_accel_mac_muladd_16s_16s_32ns_32_4_1_DSP48_1_U/p_reg_reg input design_1_i/svm_accel_0/inst/grp_svm_accel_Pipeline_KERNEL_LOOP_fu_2106/mac_muladd_16s_16s_32ns_32_4_1_U120/svm_accel_mac_muladd_16s_16s_32ns_32_4_1_DSP48_1_U/p_reg_reg/C[47:0] is not pipelined. Pipelining DSP48 input will improve performance.
Related violations: <none>

DPIP-1#22 Warning
Input pipelining  
DSP design_1_i/svm_accel_0/inst/grp_svm_accel_Pipeline_KERNEL_LOOP_fu_2106/mac_muladd_16s_16s_32ns_32_4_1_U121/svm_accel_mac_muladd_16s_16s_32ns_32_4_1_DSP48_1_U/p_reg_reg input design_1_i/svm_accel_0/inst/grp_svm_accel_Pipeline_KERNEL_LOOP_fu_2106/mac_muladd_16s_16s_32ns_32_4_1_U121/svm_accel_mac_muladd_16s_16s_32ns_32_4_1_DSP48_1_U/p_reg_reg/C[47:0] is not pipelined. Pipelining DSP48 input will improve performance.
Related violations: <none>

DPIP-1#23 Warning
Input pipelining  
DSP design_1_i/svm_accel_0/inst/grp_svm_accel_Pipeline_KERNEL_LOOP_fu_2106/mac_muladd_16s_16s_32ns_32_4_1_U122/svm_accel_mac_muladd_16s_16s_32ns_32_4_1_DSP48_1_U/p_reg_reg input design_1_i/svm_accel_0/inst/grp_svm_accel_Pipeline_KERNEL_LOOP_fu_2106/mac_muladd_16s_16s_32ns_32_4_1_U122/svm_accel_mac_muladd_16s_16s_32ns_32_4_1_DSP48_1_U/p_reg_reg/C[47:0] is not pipelined. Pipelining DSP48 input will improve performance.
Related violations: <none>

DPIP-1#24 Warning
Input pipelining  
DSP design_1_i/svm_accel_0/inst/grp_svm_accel_Pipeline_KERNEL_LOOP_fu_2106/mac_muladd_16s_16s_32ns_32_4_1_U123/svm_accel_mac_muladd_16s_16s_32ns_32_4_1_DSP48_1_U/p_reg_reg input design_1_i/svm_accel_0/inst/grp_svm_accel_Pipeline_KERNEL_LOOP_fu_2106/mac_muladd_16s_16s_32ns_32_4_1_U123/svm_accel_mac_muladd_16s_16s_32ns_32_4_1_DSP48_1_U/p_reg_reg/C[47:0] is not pipelined. Pipelining DSP48 input will improve performance.
Related violations: <none>

DPIP-1#25 Warning
Input pipelining  
DSP design_1_i/svm_accel_0/inst/grp_svm_accel_Pipeline_KERNEL_LOOP_fu_2106/mac_muladd_16s_16s_32ns_32_4_1_U124/svm_accel_mac_muladd_16s_16s_32ns_32_4_1_DSP48_1_U/p_reg_reg input design_1_i/svm_accel_0/inst/grp_svm_accel_Pipeline_KERNEL_LOOP_fu_2106/mac_muladd_16s_16s_32ns_32_4_1_U124/svm_accel_mac_muladd_16s_16s_32ns_32_4_1_DSP48_1_U/p_reg_reg/C[47:0] is not pipelined. Pipelining DSP48 input will improve performance.
Related violations: <none>

DPIP-1#26 Warning
Input pipelining  
DSP design_1_i/svm_accel_0/inst/grp_svm_accel_Pipeline_KERNEL_LOOP_fu_2106/mac_muladd_16s_16s_32ns_32_4_1_U125/svm_accel_mac_muladd_16s_16s_32ns_32_4_1_DSP48_1_U/p_reg_reg input design_1_i/svm_accel_0/inst/grp_svm_accel_Pipeline_KERNEL_LOOP_fu_2106/mac_muladd_16s_16s_32ns_32_4_1_U125/svm_accel_mac_muladd_16s_16s_32ns_32_4_1_DSP48_1_U/p_reg_reg/C[47:0] is not pipelined. Pipelining DSP48 input will improve performance.
Related violations: <none>

DPIP-1#27 Warning
Input pipelining  
DSP design_1_i/svm_accel_0/inst/grp_svm_accel_Pipeline_KERNEL_LOOP_fu_2106/mac_muladd_16s_16s_32ns_32_4_1_U126/svm_accel_mac_muladd_16s_16s_32ns_32_4_1_DSP48_1_U/p_reg_reg input design_1_i/svm_accel_0/inst/grp_svm_accel_Pipeline_KERNEL_LOOP_fu_2106/mac_muladd_16s_16s_32ns_32_4_1_U126/svm_accel_mac_muladd_16s_16s_32ns_32_4_1_DSP48_1_U/p_reg_reg/C[47:0] is not pipelined. Pipelining DSP48 input will improve performance.
Related violations: <none>

DPIP-1#28 Warning
Input pipelining  
DSP design_1_i/svm_accel_0/inst/grp_svm_accel_Pipeline_KERNEL_LOOP_fu_2106/mac_muladd_16s_16s_32ns_32_4_1_U127/svm_accel_mac_muladd_16s_16s_32ns_32_4_1_DSP48_1_U/p_reg_reg input design_1_i/svm_accel_0/inst/grp_svm_accel_Pipeline_KERNEL_LOOP_fu_2106/mac_muladd_16s_16s_32ns_32_4_1_U127/svm_accel_mac_muladd_16s_16s_32ns_32_4_1_DSP48_1_U/p_reg_reg/C[47:0] is not pipelined. Pipelining DSP48 input will improve performance.
Related violations: <none>

DPIP-1#29 Warning
Input pipelining  
DSP design_1_i/svm_accel_0/inst/grp_svm_accel_Pipeline_KERNEL_LOOP_fu_2106/mac_muladd_16s_16s_32ns_32_4_1_U128/svm_accel_mac_muladd_16s_16s_32ns_32_4_1_DSP48_1_U/p_reg_reg input design_1_i/svm_accel_0/inst/grp_svm_accel_Pipeline_KERNEL_LOOP_fu_2106/mac_muladd_16s_16s_32ns_32_4_1_U128/svm_accel_mac_muladd_16s_16s_32ns_32_4_1_DSP48_1_U/p_reg_reg/C[47:0] is not pipelined. Pipelining DSP48 input will improve performance.
Related violations: <none>

DPIP-1#30 Warning
Input pipelining  
DSP design_1_i/svm_accel_0/inst/grp_svm_accel_Pipeline_KERNEL_LOOP_fu_2106/mac_muladd_16s_16s_32ns_32_4_1_U129/svm_accel_mac_muladd_16s_16s_32ns_32_4_1_DSP48_1_U/p_reg_reg input design_1_i/svm_accel_0/inst/grp_svm_accel_Pipeline_KERNEL_LOOP_fu_2106/mac_muladd_16s_16s_32ns_32_4_1_U129/svm_accel_mac_muladd_16s_16s_32ns_32_4_1_DSP48_1_U/p_reg_reg/C[47:0] is not pipelined. Pipelining DSP48 input will improve performance.
Related violations: <none>

DPIP-1#31 Warning
Input pipelining  
DSP design_1_i/svm_accel_0/inst/grp_svm_accel_Pipeline_KERNEL_LOOP_fu_2106/mac_muladd_16s_16s_32ns_32_4_1_U130/svm_accel_mac_muladd_16s_16s_32ns_32_4_1_DSP48_1_U/p_reg_reg input design_1_i/svm_accel_0/inst/grp_svm_accel_Pipeline_KERNEL_LOOP_fu_2106/mac_muladd_16s_16s_32ns_32_4_1_U130/svm_accel_mac_muladd_16s_16s_32ns_32_4_1_DSP48_1_U/p_reg_reg/C[47:0] is not pipelined. Pipelining DSP48 input will improve performance.
Related violations: <none>

DPIP-1#32 Warning
Input pipelining  
DSP design_1_i/svm_accel_0/inst/grp_svm_accel_Pipeline_KERNEL_LOOP_fu_2106/mac_muladd_16s_16s_32ns_32_4_1_U131/svm_accel_mac_muladd_16s_16s_32ns_32_4_1_DSP48_1_U/p_reg_reg input design_1_i/svm_accel_0/inst/grp_svm_accel_Pipeline_KERNEL_LOOP_fu_2106/mac_muladd_16s_16s_32ns_32_4_1_U131/svm_accel_mac_muladd_16s_16s_32ns_32_4_1_DSP48_1_U/p_reg_reg/C[47:0] is not pipelined. Pipelining DSP48 input will improve performance.
Related violations: <none>

DPIP-1#33 Warning
Input pipelining  
DSP design_1_i/svm_accel_0/inst/grp_svm_accel_Pipeline_KERNEL_LOOP_fu_2106/mac_muladd_16s_16s_32ns_32_4_1_U132/svm_accel_mac_muladd_16s_16s_32ns_32_4_1_DSP48_1_U/p_reg_reg input design_1_i/svm_accel_0/inst/grp_svm_accel_Pipeline_KERNEL_LOOP_fu_2106/mac_muladd_16s_16s_32ns_32_4_1_U132/svm_accel_mac_muladd_16s_16s_32ns_32_4_1_DSP48_1_U/p_reg_reg/C[47:0] is not pipelined. Pipelining DSP48 input will improve performance.
Related violations: <none>

DPIP-1#34 Warning
Input pipelining  
DSP design_1_i/svm_accel_0/inst/grp_svm_accel_Pipeline_KERNEL_LOOP_fu_2106/mac_muladd_16s_16s_32ns_32_4_1_U133/svm_accel_mac_muladd_16s_16s_32ns_32_4_1_DSP48_1_U/p_reg_reg input design_1_i/svm_accel_0/inst/grp_svm_accel_Pipeline_KERNEL_LOOP_fu_2106/mac_muladd_16s_16s_32ns_32_4_1_U133/svm_accel_mac_muladd_16s_16s_32ns_32_4_1_DSP48_1_U/p_reg_reg/C[47:0] is not pipelined. Pipelining DSP48 input will improve performance.
Related violations: <none>

DPIP-1#35 Warning
Input pipelining  
DSP design_1_i/svm_accel_0/inst/grp_svm_accel_Pipeline_KERNEL_LOOP_fu_2106/mac_muladd_16s_16s_32ns_32_4_1_U134/svm_accel_mac_muladd_16s_16s_32ns_32_4_1_DSP48_1_U/p_reg_reg input design_1_i/svm_accel_0/inst/grp_svm_accel_Pipeline_KERNEL_LOOP_fu_2106/mac_muladd_16s_16s_32ns_32_4_1_U134/svm_accel_mac_muladd_16s_16s_32ns_32_4_1_DSP48_1_U/p_reg_reg/C[47:0] is not pipelined. Pipelining DSP48 input will improve performance.
Related violations: <none>

DPIP-1#36 Warning
Input pipelining  
DSP design_1_i/svm_accel_0/inst/grp_svm_accel_Pipeline_KERNEL_LOOP_fu_2106/mac_muladd_16s_16s_32ns_32_4_1_U72/svm_accel_mac_muladd_16s_16s_32ns_32_4_1_DSP48_1_U/p_reg_reg input design_1_i/svm_accel_0/inst/grp_svm_accel_Pipeline_KERNEL_LOOP_fu_2106/mac_muladd_16s_16s_32ns_32_4_1_U72/svm_accel_mac_muladd_16s_16s_32ns_32_4_1_DSP48_1_U/p_reg_reg/C[47:0] is not pipelined. Pipelining DSP48 input will improve performance.
Related violations: <none>

DPIP-1#37 Warning
Input pipelining  
DSP design_1_i/svm_accel_0/inst/grp_svm_accel_Pipeline_KERNEL_LOOP_fu_2106/mac_muladd_16s_16s_32ns_32_4_1_U73/svm_accel_mac_muladd_16s_16s_32ns_32_4_1_DSP48_1_U/p_reg_reg input design_1_i/svm_accel_0/inst/grp_svm_accel_Pipeline_KERNEL_LOOP_fu_2106/mac_muladd_16s_16s_32ns_32_4_1_U73/svm_accel_mac_muladd_16s_16s_32ns_32_4_1_DSP48_1_U/p_reg_reg/C[47:0] is not pipelined. Pipelining DSP48 input will improve performance.
Related violations: <none>

DPIP-1#38 Warning
Input pipelining  
DSP design_1_i/svm_accel_0/inst/grp_svm_accel_Pipeline_KERNEL_LOOP_fu_2106/mac_muladd_16s_16s_32ns_32_4_1_U74/svm_accel_mac_muladd_16s_16s_32ns_32_4_1_DSP48_1_U/p_reg_reg input design_1_i/svm_accel_0/inst/grp_svm_accel_Pipeline_KERNEL_LOOP_fu_2106/mac_muladd_16s_16s_32ns_32_4_1_U74/svm_accel_mac_muladd_16s_16s_32ns_32_4_1_DSP48_1_U/p_reg_reg/C[47:0] is not pipelined. Pipelining DSP48 input will improve performance.
Related violations: <none>

DPIP-1#39 Warning
Input pipelining  
DSP design_1_i/svm_accel_0/inst/grp_svm_accel_Pipeline_KERNEL_LOOP_fu_2106/mac_muladd_16s_16s_32ns_32_4_1_U75/svm_accel_mac_muladd_16s_16s_32ns_32_4_1_DSP48_1_U/p_reg_reg input design_1_i/svm_accel_0/inst/grp_svm_accel_Pipeline_KERNEL_LOOP_fu_2106/mac_muladd_16s_16s_32ns_32_4_1_U75/svm_accel_mac_muladd_16s_16s_32ns_32_4_1_DSP48_1_U/p_reg_reg/C[47:0] is not pipelined. Pipelining DSP48 input will improve performance.
Related violations: <none>

DPIP-1#40 Warning
Input pipelining  
DSP design_1_i/svm_accel_0/inst/grp_svm_accel_Pipeline_KERNEL_LOOP_fu_2106/mac_muladd_16s_16s_32ns_32_4_1_U76/svm_accel_mac_muladd_16s_16s_32ns_32_4_1_DSP48_1_U/p_reg_reg input design_1_i/svm_accel_0/inst/grp_svm_accel_Pipeline_KERNEL_LOOP_fu_2106/mac_muladd_16s_16s_32ns_32_4_1_U76/svm_accel_mac_muladd_16s_16s_32ns_32_4_1_DSP48_1_U/p_reg_reg/C[47:0] is not pipelined. Pipelining DSP48 input will improve performance.
Related violations: <none>

DPIP-1#41 Warning
Input pipelining  
DSP design_1_i/svm_accel_0/inst/grp_svm_accel_Pipeline_KERNEL_LOOP_fu_2106/mac_muladd_16s_16s_32ns_32_4_1_U77/svm_accel_mac_muladd_16s_16s_32ns_32_4_1_DSP48_1_U/p_reg_reg input design_1_i/svm_accel_0/inst/grp_svm_accel_Pipeline_KERNEL_LOOP_fu_2106/mac_muladd_16s_16s_32ns_32_4_1_U77/svm_accel_mac_muladd_16s_16s_32ns_32_4_1_DSP48_1_U/p_reg_reg/C[47:0] is not pipelined. Pipelining DSP48 input will improve performance.
Related violations: <none>

DPIP-1#42 Warning
Input pipelining  
DSP design_1_i/svm_accel_0/inst/grp_svm_accel_Pipeline_KERNEL_LOOP_fu_2106/mac_muladd_16s_16s_32ns_32_4_1_U78/svm_accel_mac_muladd_16s_16s_32ns_32_4_1_DSP48_1_U/p_reg_reg input design_1_i/svm_accel_0/inst/grp_svm_accel_Pipeline_KERNEL_LOOP_fu_2106/mac_muladd_16s_16s_32ns_32_4_1_U78/svm_accel_mac_muladd_16s_16s_32ns_32_4_1_DSP48_1_U/p_reg_reg/C[47:0] is not pipelined. Pipelining DSP48 input will improve performance.
Related violations: <none>

DPIP-1#43 Warning
Input pipelining  
DSP design_1_i/svm_accel_0/inst/grp_svm_accel_Pipeline_KERNEL_LOOP_fu_2106/mac_muladd_16s_16s_32ns_32_4_1_U79/svm_accel_mac_muladd_16s_16s_32ns_32_4_1_DSP48_1_U/p_reg_reg input design_1_i/svm_accel_0/inst/grp_svm_accel_Pipeline_KERNEL_LOOP_fu_2106/mac_muladd_16s_16s_32ns_32_4_1_U79/svm_accel_mac_muladd_16s_16s_32ns_32_4_1_DSP48_1_U/p_reg_reg/C[47:0] is not pipelined. Pipelining DSP48 input will improve performance.
Related violations: <none>

DPIP-1#44 Warning
Input pipelining  
DSP design_1_i/svm_accel_0/inst/grp_svm_accel_Pipeline_KERNEL_LOOP_fu_2106/mac_muladd_16s_16s_32ns_32_4_1_U80/svm_accel_mac_muladd_16s_16s_32ns_32_4_1_DSP48_1_U/p_reg_reg input design_1_i/svm_accel_0/inst/grp_svm_accel_Pipeline_KERNEL_LOOP_fu_2106/mac_muladd_16s_16s_32ns_32_4_1_U80/svm_accel_mac_muladd_16s_16s_32ns_32_4_1_DSP48_1_U/p_reg_reg/C[47:0] is not pipelined. Pipelining DSP48 input will improve performance.
Related violations: <none>

DPIP-1#45 Warning
Input pipelining  
DSP design_1_i/svm_accel_0/inst/grp_svm_accel_Pipeline_KERNEL_LOOP_fu_2106/mac_muladd_16s_16s_32ns_32_4_1_U81/svm_accel_mac_muladd_16s_16s_32ns_32_4_1_DSP48_1_U/p_reg_reg input design_1_i/svm_accel_0/inst/grp_svm_accel_Pipeline_KERNEL_LOOP_fu_2106/mac_muladd_16s_16s_32ns_32_4_1_U81/svm_accel_mac_muladd_16s_16s_32ns_32_4_1_DSP48_1_U/p_reg_reg/C[47:0] is not pipelined. Pipelining DSP48 input will improve performance.
Related violations: <none>

DPIP-1#46 Warning
Input pipelining  
DSP design_1_i/svm_accel_0/inst/grp_svm_accel_Pipeline_KERNEL_LOOP_fu_2106/mac_muladd_16s_16s_32ns_32_4_1_U82/svm_accel_mac_muladd_16s_16s_32ns_32_4_1_DSP48_1_U/p_reg_reg input design_1_i/svm_accel_0/inst/grp_svm_accel_Pipeline_KERNEL_LOOP_fu_2106/mac_muladd_16s_16s_32ns_32_4_1_U82/svm_accel_mac_muladd_16s_16s_32ns_32_4_1_DSP48_1_U/p_reg_reg/C[47:0] is not pipelined. Pipelining DSP48 input will improve performance.
Related violations: <none>

DPIP-1#47 Warning
Input pipelining  
DSP design_1_i/svm_accel_0/inst/grp_svm_accel_Pipeline_KERNEL_LOOP_fu_2106/mac_muladd_16s_16s_32ns_32_4_1_U83/svm_accel_mac_muladd_16s_16s_32ns_32_4_1_DSP48_1_U/p_reg_reg input design_1_i/svm_accel_0/inst/grp_svm_accel_Pipeline_KERNEL_LOOP_fu_2106/mac_muladd_16s_16s_32ns_32_4_1_U83/svm_accel_mac_muladd_16s_16s_32ns_32_4_1_DSP48_1_U/p_reg_reg/C[47:0] is not pipelined. Pipelining DSP48 input will improve performance.
Related violations: <none>

DPIP-1#48 Warning
Input pipelining  
DSP design_1_i/svm_accel_0/inst/grp_svm_accel_Pipeline_KERNEL_LOOP_fu_2106/mac_muladd_16s_16s_32ns_32_4_1_U84/svm_accel_mac_muladd_16s_16s_32ns_32_4_1_DSP48_1_U/p_reg_reg input design_1_i/svm_accel_0/inst/grp_svm_accel_Pipeline_KERNEL_LOOP_fu_2106/mac_muladd_16s_16s_32ns_32_4_1_U84/svm_accel_mac_muladd_16s_16s_32ns_32_4_1_DSP48_1_U/p_reg_reg/C[47:0] is not pipelined. Pipelining DSP48 input will improve performance.
Related violations: <none>

DPIP-1#49 Warning
Input pipelining  
DSP design_1_i/svm_accel_0/inst/grp_svm_accel_Pipeline_KERNEL_LOOP_fu_2106/mac_muladd_16s_16s_32ns_32_4_1_U85/svm_accel_mac_muladd_16s_16s_32ns_32_4_1_DSP48_1_U/p_reg_reg input design_1_i/svm_accel_0/inst/grp_svm_accel_Pipeline_KERNEL_LOOP_fu_2106/mac_muladd_16s_16s_32ns_32_4_1_U85/svm_accel_mac_muladd_16s_16s_32ns_32_4_1_DSP48_1_U/p_reg_reg/C[47:0] is not pipelined. Pipelining DSP48 input will improve performance.
Related violations: <none>

DPIP-1#50 Warning
Input pipelining  
DSP design_1_i/svm_accel_0/inst/grp_svm_accel_Pipeline_KERNEL_LOOP_fu_2106/mac_muladd_16s_16s_32ns_32_4_1_U86/svm_accel_mac_muladd_16s_16s_32ns_32_4_1_DSP48_1_U/p_reg_reg input design_1_i/svm_accel_0/inst/grp_svm_accel_Pipeline_KERNEL_LOOP_fu_2106/mac_muladd_16s_16s_32ns_32_4_1_U86/svm_accel_mac_muladd_16s_16s_32ns_32_4_1_DSP48_1_U/p_reg_reg/C[47:0] is not pipelined. Pipelining DSP48 input will improve performance.
Related violations: <none>

DPIP-1#51 Warning
Input pipelining  
DSP design_1_i/svm_accel_0/inst/grp_svm_accel_Pipeline_KERNEL_LOOP_fu_2106/mac_muladd_16s_16s_32ns_32_4_1_U87/svm_accel_mac_muladd_16s_16s_32ns_32_4_1_DSP48_1_U/p_reg_reg input design_1_i/svm_accel_0/inst/grp_svm_accel_Pipeline_KERNEL_LOOP_fu_2106/mac_muladd_16s_16s_32ns_32_4_1_U87/svm_accel_mac_muladd_16s_16s_32ns_32_4_1_DSP48_1_U/p_reg_reg/C[47:0] is not pipelined. Pipelining DSP48 input will improve performance.
Related violations: <none>

DPIP-1#52 Warning
Input pipelining  
DSP design_1_i/svm_accel_0/inst/grp_svm_accel_Pipeline_KERNEL_LOOP_fu_2106/mac_muladd_16s_16s_32ns_32_4_1_U88/svm_accel_mac_muladd_16s_16s_32ns_32_4_1_DSP48_1_U/p_reg_reg input design_1_i/svm_accel_0/inst/grp_svm_accel_Pipeline_KERNEL_LOOP_fu_2106/mac_muladd_16s_16s_32ns_32_4_1_U88/svm_accel_mac_muladd_16s_16s_32ns_32_4_1_DSP48_1_U/p_reg_reg/C[47:0] is not pipelined. Pipelining DSP48 input will improve performance.
Related violations: <none>

DPIP-1#53 Warning
Input pipelining  
DSP design_1_i/svm_accel_0/inst/grp_svm_accel_Pipeline_KERNEL_LOOP_fu_2106/mac_muladd_16s_16s_32ns_32_4_1_U89/svm_accel_mac_muladd_16s_16s_32ns_32_4_1_DSP48_1_U/p_reg_reg input design_1_i/svm_accel_0/inst/grp_svm_accel_Pipeline_KERNEL_LOOP_fu_2106/mac_muladd_16s_16s_32ns_32_4_1_U89/svm_accel_mac_muladd_16s_16s_32ns_32_4_1_DSP48_1_U/p_reg_reg/C[47:0] is not pipelined. Pipelining DSP48 input will improve performance.
Related violations: <none>

DPIP-1#54 Warning
Input pipelining  
DSP design_1_i/svm_accel_0/inst/grp_svm_accel_Pipeline_KERNEL_LOOP_fu_2106/mac_muladd_16s_16s_32ns_32_4_1_U90/svm_accel_mac_muladd_16s_16s_32ns_32_4_1_DSP48_1_U/p_reg_reg input design_1_i/svm_accel_0/inst/grp_svm_accel_Pipeline_KERNEL_LOOP_fu_2106/mac_muladd_16s_16s_32ns_32_4_1_U90/svm_accel_mac_muladd_16s_16s_32ns_32_4_1_DSP48_1_U/p_reg_reg/C[47:0] is not pipelined. Pipelining DSP48 input will improve performance.
Related violations: <none>

DPIP-1#55 Warning
Input pipelining  
DSP design_1_i/svm_accel_0/inst/grp_svm_accel_Pipeline_KERNEL_LOOP_fu_2106/mac_muladd_16s_16s_32ns_32_4_1_U91/svm_accel_mac_muladd_16s_16s_32ns_32_4_1_DSP48_1_U/p_reg_reg input design_1_i/svm_accel_0/inst/grp_svm_accel_Pipeline_KERNEL_LOOP_fu_2106/mac_muladd_16s_16s_32ns_32_4_1_U91/svm_accel_mac_muladd_16s_16s_32ns_32_4_1_DSP48_1_U/p_reg_reg/C[47:0] is not pipelined. Pipelining DSP48 input will improve performance.
Related violations: <none>

DPIP-1#56 Warning
Input pipelining  
DSP design_1_i/svm_accel_0/inst/grp_svm_accel_Pipeline_KERNEL_LOOP_fu_2106/mac_muladd_16s_16s_32ns_32_4_1_U92/svm_accel_mac_muladd_16s_16s_32ns_32_4_1_DSP48_1_U/p_reg_reg input design_1_i/svm_accel_0/inst/grp_svm_accel_Pipeline_KERNEL_LOOP_fu_2106/mac_muladd_16s_16s_32ns_32_4_1_U92/svm_accel_mac_muladd_16s_16s_32ns_32_4_1_DSP48_1_U/p_reg_reg/C[47:0] is not pipelined. Pipelining DSP48 input will improve performance.
Related violations: <none>

DPIP-1#57 Warning
Input pipelining  
DSP design_1_i/svm_accel_0/inst/grp_svm_accel_Pipeline_KERNEL_LOOP_fu_2106/mac_muladd_16s_16s_32ns_32_4_1_U93/svm_accel_mac_muladd_16s_16s_32ns_32_4_1_DSP48_1_U/p_reg_reg input design_1_i/svm_accel_0/inst/grp_svm_accel_Pipeline_KERNEL_LOOP_fu_2106/mac_muladd_16s_16s_32ns_32_4_1_U93/svm_accel_mac_muladd_16s_16s_32ns_32_4_1_DSP48_1_U/p_reg_reg/C[47:0] is not pipelined. Pipelining DSP48 input will improve performance.
Related violations: <none>

DPIP-1#58 Warning
Input pipelining  
DSP design_1_i/svm_accel_0/inst/grp_svm_accel_Pipeline_KERNEL_LOOP_fu_2106/mac_muladd_16s_16s_32ns_32_4_1_U94/svm_accel_mac_muladd_16s_16s_32ns_32_4_1_DSP48_1_U/p_reg_reg input design_1_i/svm_accel_0/inst/grp_svm_accel_Pipeline_KERNEL_LOOP_fu_2106/mac_muladd_16s_16s_32ns_32_4_1_U94/svm_accel_mac_muladd_16s_16s_32ns_32_4_1_DSP48_1_U/p_reg_reg/C[47:0] is not pipelined. Pipelining DSP48 input will improve performance.
Related violations: <none>

DPIP-1#59 Warning
Input pipelining  
DSP design_1_i/svm_accel_0/inst/grp_svm_accel_Pipeline_KERNEL_LOOP_fu_2106/mac_muladd_16s_16s_32ns_32_4_1_U95/svm_accel_mac_muladd_16s_16s_32ns_32_4_1_DSP48_1_U/p_reg_reg input design_1_i/svm_accel_0/inst/grp_svm_accel_Pipeline_KERNEL_LOOP_fu_2106/mac_muladd_16s_16s_32ns_32_4_1_U95/svm_accel_mac_muladd_16s_16s_32ns_32_4_1_DSP48_1_U/p_reg_reg/C[47:0] is not pipelined. Pipelining DSP48 input will improve performance.
Related violations: <none>

DPIP-1#60 Warning
Input pipelining  
DSP design_1_i/svm_accel_0/inst/grp_svm_accel_Pipeline_KERNEL_LOOP_fu_2106/mac_muladd_16s_16s_32ns_32_4_1_U96/svm_accel_mac_muladd_16s_16s_32ns_32_4_1_DSP48_1_U/p_reg_reg input design_1_i/svm_accel_0/inst/grp_svm_accel_Pipeline_KERNEL_LOOP_fu_2106/mac_muladd_16s_16s_32ns_32_4_1_U96/svm_accel_mac_muladd_16s_16s_32ns_32_4_1_DSP48_1_U/p_reg_reg/C[47:0] is not pipelined. Pipelining DSP48 input will improve performance.
Related violations: <none>

DPIP-1#61 Warning
Input pipelining  
DSP design_1_i/svm_accel_0/inst/grp_svm_accel_Pipeline_KERNEL_LOOP_fu_2106/mac_muladd_16s_16s_32ns_32_4_1_U97/svm_accel_mac_muladd_16s_16s_32ns_32_4_1_DSP48_1_U/p_reg_reg input design_1_i/svm_accel_0/inst/grp_svm_accel_Pipeline_KERNEL_LOOP_fu_2106/mac_muladd_16s_16s_32ns_32_4_1_U97/svm_accel_mac_muladd_16s_16s_32ns_32_4_1_DSP48_1_U/p_reg_reg/C[47:0] is not pipelined. Pipelining DSP48 input will improve performance.
Related violations: <none>

DPIP-1#62 Warning
Input pipelining  
DSP design_1_i/svm_accel_0/inst/grp_svm_accel_Pipeline_KERNEL_LOOP_fu_2106/mac_muladd_16s_16s_32ns_32_4_1_U98/svm_accel_mac_muladd_16s_16s_32ns_32_4_1_DSP48_1_U/p_reg_reg input design_1_i/svm_accel_0/inst/grp_svm_accel_Pipeline_KERNEL_LOOP_fu_2106/mac_muladd_16s_16s_32ns_32_4_1_U98/svm_accel_mac_muladd_16s_16s_32ns_32_4_1_DSP48_1_U/p_reg_reg/C[47:0] is not pipelined. Pipelining DSP48 input will improve performance.
Related violations: <none>

DPIP-1#63 Warning
Input pipelining  
DSP design_1_i/svm_accel_0/inst/grp_svm_accel_Pipeline_KERNEL_LOOP_fu_2106/mac_muladd_16s_16s_32ns_32_4_1_U99/svm_accel_mac_muladd_16s_16s_32ns_32_4_1_DSP48_1_U/p_reg_reg input design_1_i/svm_accel_0/inst/grp_svm_accel_Pipeline_KERNEL_LOOP_fu_2106/mac_muladd_16s_16s_32ns_32_4_1_U99/svm_accel_mac_muladd_16s_16s_32ns_32_4_1_DSP48_1_U/p_reg_reg/C[47:0] is not pipelined. Pipelining DSP48 input will improve performance.
Related violations: <none>

DPIP-1#64 Warning
Input pipelining  
DSP design_1_i/svm_accel_0/inst/grp_svm_accel_Pipeline_SUM_I_fu_2398/mac_muladd_24s_17ns_48s_48_4_1_U334/svm_accel_mac_muladd_24s_17ns_48s_48_4_1_DSP48_2_U/p_reg_reg input design_1_i/svm_accel_0/inst/grp_svm_accel_Pipeline_SUM_I_fu_2398/mac_muladd_24s_17ns_48s_48_4_1_U334/svm_accel_mac_muladd_24s_17ns_48s_48_4_1_DSP48_2_U/p_reg_reg/C[47:0] is not pipelined. Pipelining DSP48 input will improve performance.
Related violations: <none>

DPIP-1#65 Warning
Input pipelining  
DSP design_1_i/svm_accel_0/inst/grp_svm_accel_Pipeline_SUM_J_fu_2412/mac_muladd_24s_17ns_48s_48_4_1_U343/svm_accel_mac_muladd_24s_17ns_48s_48_4_1_DSP48_2_U/p_reg_reg input design_1_i/svm_accel_0/inst/grp_svm_accel_Pipeline_SUM_J_fu_2412/mac_muladd_24s_17ns_48s_48_4_1_U343/svm_accel_mac_muladd_24s_17ns_48s_48_4_1_DSP48_2_U/p_reg_reg/C[47:0] is not pipelined. Pipelining DSP48 input will improve performance.
Related violations: <none>

DPOP-1#1 Warning
PREG Output pipelining  
DSP design_1_i/svm_accel_0/inst/mul_32ns_32ns_64_2_1_U461/tmp_product output design_1_i/svm_accel_0/inst/mul_32ns_32ns_64_2_1_U461/tmp_product/P[47:0] is not pipelined (PREG=0). Pipelining the DSP48 output will improve performance and often saves power so it is suggested whenever possible to fully pipeline this function.  If this DSP48 function was inferred, it is suggested to describe an additional register stage after this function.  If the DSP48 was instantiated in the design, it is suggested to set the PREG attribute to 1.
Related violations: <none>

DPOP-1#2 Warning
PREG Output pipelining  
DSP design_1_i/svm_accel_0/inst/mul_32ns_32ns_64_2_1_U461/tmp_product__0 output design_1_i/svm_accel_0/inst/mul_32ns_32ns_64_2_1_U461/tmp_product__0/P[47:0] is not pipelined (PREG=0). Pipelining the DSP48 output will improve performance and often saves power so it is suggested whenever possible to fully pipeline this function.  If this DSP48 function was inferred, it is suggested to describe an additional register stage after this function.  If the DSP48 was instantiated in the design, it is suggested to set the PREG attribute to 1.
Related violations: <none>

DPOP-1#3 Warning
PREG Output pipelining  
DSP design_1_i/svm_accel_0/inst/mul_32ns_32ns_64_2_1_U462/tmp_product output design_1_i/svm_accel_0/inst/mul_32ns_32ns_64_2_1_U462/tmp_product/P[47:0] is not pipelined (PREG=0). Pipelining the DSP48 output will improve performance and often saves power so it is suggested whenever possible to fully pipeline this function.  If this DSP48 function was inferred, it is suggested to describe an additional register stage after this function.  If the DSP48 was instantiated in the design, it is suggested to set the PREG attribute to 1.
Related violations: <none>

DPOP-1#4 Warning
PREG Output pipelining  
DSP design_1_i/svm_accel_0/inst/mul_32ns_32ns_64_2_1_U462/tmp_product__0 output design_1_i/svm_accel_0/inst/mul_32ns_32ns_64_2_1_U462/tmp_product__0/P[47:0] is not pipelined (PREG=0). Pipelining the DSP48 output will improve performance and often saves power so it is suggested whenever possible to fully pipeline this function.  If this DSP48 function was inferred, it is suggested to describe an additional register stage after this function.  If the DSP48 was instantiated in the design, it is suggested to set the PREG attribute to 1.
Related violations: <none>

DPOP-1#5 Warning
PREG Output pipelining  
DSP design_1_i/svm_accel_0/inst/mul_32s_32s_32_2_1_U460/tmp_product__0 output design_1_i/svm_accel_0/inst/mul_32s_32s_32_2_1_U460/tmp_product__0/P[47:0] is not pipelined (PREG=0). Pipelining the DSP48 output will improve performance and often saves power so it is suggested whenever possible to fully pipeline this function.  If this DSP48 function was inferred, it is suggested to describe an additional register stage after this function.  If the DSP48 was instantiated in the design, it is suggested to set the PREG attribute to 1.
Related violations: <none>

DPOP-2#1 Warning
MREG Output pipelining  
DSP design_1_i/svm_accel_0/inst/grp_svm_accel_Pipeline_KERNEL_LOOP_fu_2106/mul_24s_32s_48_2_1_U70/dout_reg multiplier stage design_1_i/svm_accel_0/inst/grp_svm_accel_Pipeline_KERNEL_LOOP_fu_2106/mul_24s_32s_48_2_1_U70/dout_reg/P[47:0] is not pipelined (MREG=0). Pipelining the multiplier function will improve performance and will save significant power so it is suggested whenever possible to fully pipeline this function.  If this multiplier was inferred, it is suggested to describe an additional register stage after this function.  If there is no registered adder/accumulator following the multiply function, two pipeline stages are suggested to allow both the MREG and PREG registers to be used.  If the DSP48 was instantiated in the design, it is suggested to set both the MREG and PREG attributes to 1 when performing multiply functions.
Related violations: <none>

DPOP-2#2 Warning
MREG Output pipelining  
DSP design_1_i/svm_accel_0/inst/mul_32ns_32ns_64_2_1_U461/dout_reg multiplier stage design_1_i/svm_accel_0/inst/mul_32ns_32ns_64_2_1_U461/dout_reg/P[47:0] is not pipelined (MREG=0). Pipelining the multiplier function will improve performance and will save significant power so it is suggested whenever possible to fully pipeline this function.  If this multiplier was inferred, it is suggested to describe an additional register stage after this function.  If there is no registered adder/accumulator following the multiply function, two pipeline stages are suggested to allow both the MREG and PREG registers to be used.  If the DSP48 was instantiated in the design, it is suggested to set both the MREG and PREG attributes to 1 when performing multiply functions.
Related violations: <none>

DPOP-2#3 Warning
MREG Output pipelining  
DSP design_1_i/svm_accel_0/inst/mul_32ns_32ns_64_2_1_U461/dout_reg__0 multiplier stage design_1_i/svm_accel_0/inst/mul_32ns_32ns_64_2_1_U461/dout_reg__0/P[47:0] is not pipelined (MREG=0). Pipelining the multiplier function will improve performance and will save significant power so it is suggested whenever possible to fully pipeline this function.  If this multiplier was inferred, it is suggested to describe an additional register stage after this function.  If there is no registered adder/accumulator following the multiply function, two pipeline stages are suggested to allow both the MREG and PREG registers to be used.  If the DSP48 was instantiated in the design, it is suggested to set both the MREG and PREG attributes to 1 when performing multiply functions.
Related violations: <none>

DPOP-2#4 Warning
MREG Output pipelining  
DSP design_1_i/svm_accel_0/inst/mul_32ns_32ns_64_2_1_U461/tmp_product multiplier stage design_1_i/svm_accel_0/inst/mul_32ns_32ns_64_2_1_U461/tmp_product/P[47:0] is not pipelined (MREG=0). Pipelining the multiplier function will improve performance and will save significant power so it is suggested whenever possible to fully pipeline this function.  If this multiplier was inferred, it is suggested to describe an additional register stage after this function.  If there is no registered adder/accumulator following the multiply function, two pipeline stages are suggested to allow both the MREG and PREG registers to be used.  If the DSP48 was instantiated in the design, it is suggested to set both the MREG and PREG attributes to 1 when performing multiply functions.
Related violations: <none>

DPOP-2#5 Warning
MREG Output pipelining  
DSP design_1_i/svm_accel_0/inst/mul_32ns_32ns_64_2_1_U461/tmp_product__0 multiplier stage design_1_i/svm_accel_0/inst/mul_32ns_32ns_64_2_1_U461/tmp_product__0/P[47:0] is not pipelined (MREG=0). Pipelining the multiplier function will improve performance and will save significant power so it is suggested whenever possible to fully pipeline this function.  If this multiplier was inferred, it is suggested to describe an additional register stage after this function.  If there is no registered adder/accumulator following the multiply function, two pipeline stages are suggested to allow both the MREG and PREG registers to be used.  If the DSP48 was instantiated in the design, it is suggested to set both the MREG and PREG attributes to 1 when performing multiply functions.
Related violations: <none>

DPOP-2#6 Warning
MREG Output pipelining  
DSP design_1_i/svm_accel_0/inst/mul_32ns_32ns_64_2_1_U462/dout_reg multiplier stage design_1_i/svm_accel_0/inst/mul_32ns_32ns_64_2_1_U462/dout_reg/P[47:0] is not pipelined (MREG=0). Pipelining the multiplier function will improve performance and will save significant power so it is suggested whenever possible to fully pipeline this function.  If this multiplier was inferred, it is suggested to describe an additional register stage after this function.  If there is no registered adder/accumulator following the multiply function, two pipeline stages are suggested to allow both the MREG and PREG registers to be used.  If the DSP48 was instantiated in the design, it is suggested to set both the MREG and PREG attributes to 1 when performing multiply functions.
Related violations: <none>

DPOP-2#7 Warning
MREG Output pipelining  
DSP design_1_i/svm_accel_0/inst/mul_32ns_32ns_64_2_1_U462/dout_reg__0 multiplier stage design_1_i/svm_accel_0/inst/mul_32ns_32ns_64_2_1_U462/dout_reg__0/P[47:0] is not pipelined (MREG=0). Pipelining the multiplier function will improve performance and will save significant power so it is suggested whenever possible to fully pipeline this function.  If this multiplier was inferred, it is suggested to describe an additional register stage after this function.  If there is no registered adder/accumulator following the multiply function, two pipeline stages are suggested to allow both the MREG and PREG registers to be used.  If the DSP48 was instantiated in the design, it is suggested to set both the MREG and PREG attributes to 1 when performing multiply functions.
Related violations: <none>

DPOP-2#8 Warning
MREG Output pipelining  
DSP design_1_i/svm_accel_0/inst/mul_32ns_32ns_64_2_1_U462/tmp_product multiplier stage design_1_i/svm_accel_0/inst/mul_32ns_32ns_64_2_1_U462/tmp_product/P[47:0] is not pipelined (MREG=0). Pipelining the multiplier function will improve performance and will save significant power so it is suggested whenever possible to fully pipeline this function.  If this multiplier was inferred, it is suggested to describe an additional register stage after this function.  If there is no registered adder/accumulator following the multiply function, two pipeline stages are suggested to allow both the MREG and PREG registers to be used.  If the DSP48 was instantiated in the design, it is suggested to set both the MREG and PREG attributes to 1 when performing multiply functions.
Related violations: <none>

DPOP-2#9 Warning
MREG Output pipelining  
DSP design_1_i/svm_accel_0/inst/mul_32ns_32ns_64_2_1_U462/tmp_product__0 multiplier stage design_1_i/svm_accel_0/inst/mul_32ns_32ns_64_2_1_U462/tmp_product__0/P[47:0] is not pipelined (MREG=0). Pipelining the multiplier function will improve performance and will save significant power so it is suggested whenever possible to fully pipeline this function.  If this multiplier was inferred, it is suggested to describe an additional register stage after this function.  If there is no registered adder/accumulator following the multiply function, two pipeline stages are suggested to allow both the MREG and PREG registers to be used.  If the DSP48 was instantiated in the design, it is suggested to set both the MREG and PREG attributes to 1 when performing multiply functions.
Related violations: <none>

DPOP-2#10 Warning
MREG Output pipelining  
DSP design_1_i/svm_accel_0/inst/mul_32s_32s_32_2_1_U460/dout_reg multiplier stage design_1_i/svm_accel_0/inst/mul_32s_32s_32_2_1_U460/dout_reg/P[47:0] is not pipelined (MREG=0). Pipelining the multiplier function will improve performance and will save significant power so it is suggested whenever possible to fully pipeline this function.  If this multiplier was inferred, it is suggested to describe an additional register stage after this function.  If there is no registered adder/accumulator following the multiply function, two pipeline stages are suggested to allow both the MREG and PREG registers to be used.  If the DSP48 was instantiated in the design, it is suggested to set both the MREG and PREG attributes to 1 when performing multiply functions.
Related violations: <none>

DPOP-2#11 Warning
MREG Output pipelining  
DSP design_1_i/svm_accel_0/inst/mul_32s_32s_32_2_1_U460/tmp_product multiplier stage design_1_i/svm_accel_0/inst/mul_32s_32s_32_2_1_U460/tmp_product/P[47:0] is not pipelined (MREG=0). Pipelining the multiplier function will improve performance and will save significant power so it is suggested whenever possible to fully pipeline this function.  If this multiplier was inferred, it is suggested to describe an additional register stage after this function.  If there is no registered adder/accumulator following the multiply function, two pipeline stages are suggested to allow both the MREG and PREG registers to be used.  If the DSP48 was instantiated in the design, it is suggested to set both the MREG and PREG attributes to 1 when performing multiply functions.
Related violations: <none>

DPOP-2#12 Warning
MREG Output pipelining  
DSP design_1_i/svm_accel_0/inst/mul_32s_32s_32_2_1_U460/tmp_product__0 multiplier stage design_1_i/svm_accel_0/inst/mul_32s_32s_32_2_1_U460/tmp_product__0/P[47:0] is not pipelined (MREG=0). Pipelining the multiplier function will improve performance and will save significant power so it is suggested whenever possible to fully pipeline this function.  If this multiplier was inferred, it is suggested to describe an additional register stage after this function.  If there is no registered adder/accumulator following the multiply function, two pipeline stages are suggested to allow both the MREG and PREG registers to be used.  If the DSP48 was instantiated in the design, it is suggested to set both the MREG and PREG attributes to 1 when performing multiply functions.
Related violations: <none>

DPOP-2#13 Warning
MREG Output pipelining  
DSP design_1_i/svm_accel_0/inst/mul_ln165_reg_4894_reg multiplier stage design_1_i/svm_accel_0/inst/mul_ln165_reg_4894_reg/P[47:0] is not pipelined (MREG=0). Pipelining the multiplier function will improve performance and will save significant power so it is suggested whenever possible to fully pipeline this function.  If this multiplier was inferred, it is suggested to describe an additional register stage after this function.  If there is no registered adder/accumulator following the multiply function, two pipeline stages are suggested to allow both the MREG and PREG registers to be used.  If the DSP48 was instantiated in the design, it is suggested to set both the MREG and PREG attributes to 1 when performing multiply functions.
Related violations: <none>

PDCN-1569#1 Warning
LUT equation term check  
Used physical LUT pin 'A1' of cell design_1_i/axi_mem_intercon/m00_couplers/auto_pc/inst/gen_axi4_axi3.axi3_conv_inst/USE_WRITE.write_addr_inst/USE_BURSTS.cmd_queue/inst/fifo_gen_inst/inst_fifo_gen/gconvfifo.rf/grf.rf/gntv_or_sync_fifo.gl0.rd/gr1.gr1_int.rfwft/gpregsm1.user_valid_i_1 (pin design_1_i/axi_mem_intercon/m00_couplers/auto_pc/inst/gen_axi4_axi3.axi3_conv_inst/USE_WRITE.write_addr_inst/USE_BURSTS.cmd_queue/inst/fifo_gen_inst/inst_fifo_gen/gconvfifo.rf/grf.rf/gntv_or_sync_fifo.gl0.rd/gr1.gr1_int.rfwft/gpregsm1.user_valid_i_1/I1) is not included in the LUT equation: 'O6=(A5)+((~A5)*(~A6)*A4)'. If this cell is a user instantiated LUT in the design, please remove connectivity to the pin or change the equation and/or INIT string of the LUT to prevent this issue. If the cell is inferred or IP created LUT, please regenerate the IP and/or resynthesize the design to attempt to correct the issue.
Related violations: <none>

PDCN-1569#2 Warning
LUT equation term check  
Used physical LUT pin 'A2' of cell design_1_i/axi_mem_intercon/m00_couplers/auto_pc/inst/gen_axi4_axi3.axi3_conv_inst/USE_READ.USE_SPLIT_R.read_addr_inst/USE_R_CHANNEL.cmd_queue/inst/fifo_gen_inst/inst_fifo_gen/gconvfifo.rf/grf.rf/gntv_or_sync_fifo.gl0.rd/gr1.gr1_int.rfwft/gpregsm1.user_valid_i_1 (pin design_1_i/axi_mem_intercon/m00_couplers/auto_pc/inst/gen_axi4_axi3.axi3_conv_inst/USE_READ.USE_SPLIT_R.read_addr_inst/USE_R_CHANNEL.cmd_queue/inst/fifo_gen_inst/inst_fifo_gen/gconvfifo.rf/grf.rf/gntv_or_sync_fifo.gl0.rd/gr1.gr1_int.rfwft/gpregsm1.user_valid_i_1/I1) is not included in the LUT equation: 'O6=(A5)+((~A5)*(~A3)*A1)'. If this cell is a user instantiated LUT in the design, please remove connectivity to the pin or change the equation and/or INIT string of the LUT to prevent this issue. If the cell is inferred or IP created LUT, please regenerate the IP and/or resynthesize the design to attempt to correct the issue.
Related violations: <none>

PDCN-1569#3 Warning
LUT equation term check  
Used physical LUT pin 'A5' of cell design_1_i/axi_mem_intercon/m00_couplers/auto_pc/inst/gen_axi4_axi3.axi3_conv_inst/USE_WRITE.write_addr_inst/USE_B_CHANNEL.cmd_b_queue/inst/fifo_gen_inst/inst_fifo_gen/gconvfifo.rf/grf.rf/gntv_or_sync_fifo.gl0.rd/gr1.gr1_int.rfwft/gpregsm1.user_valid_i_1 (pin design_1_i/axi_mem_intercon/m00_couplers/auto_pc/inst/gen_axi4_axi3.axi3_conv_inst/USE_WRITE.write_addr_inst/USE_B_CHANNEL.cmd_b_queue/inst/fifo_gen_inst/inst_fifo_gen/gconvfifo.rf/grf.rf/gntv_or_sync_fifo.gl0.rd/gr1.gr1_int.rfwft/gpregsm1.user_valid_i_1/I1) is not included in the LUT equation: 'O6=(A1)+((~A1)*(~A6)*A2)'. If this cell is a user instantiated LUT in the design, please remove connectivity to the pin or change the equation and/or INIT string of the LUT to prevent this issue. If the cell is inferred or IP created LUT, please regenerate the IP and/or resynthesize the design to attempt to correct the issue.
Related violations: <none>

RTSTAT-10#1 Warning
No routable loads  
33 net(s) have no routable loads. The problem bus(es) and/or net(s) are design_1_i/axi_mem_intercon/m00_couplers/auto_pc/inst/gen_axi4_axi3.axi3_conv_inst/USE_READ.USE_SPLIT_R.read_addr_inst/USE_R_CHANNEL.cmd_queue/inst/fifo_gen_inst/inst_fifo_gen/gconvfifo.rf/grf.rf/gntv_or_sync_fifo.gl0.rd/gr1.gr1_int.rfwft/aempty_fwft_i,
design_1_i/axi_mem_intercon/m00_couplers/auto_pc/inst/gen_axi4_axi3.axi3_conv_inst/USE_READ.USE_SPLIT_R.read_addr_inst/USE_R_CHANNEL.cmd_queue/inst/fifo_gen_inst/inst_fifo_gen/gconvfifo.rf/grf.rf/gntv_or_sync_fifo.gl0.wr/gwss.wsts/ram_afull_fb,
design_1_i/axi_mem_intercon/m00_couplers/auto_pc/inst/gen_axi4_axi3.axi3_conv_inst/USE_READ.USE_SPLIT_R.read_addr_inst/USE_R_CHANNEL.cmd_queue/inst/fifo_gen_inst/inst_fifo_gen/gconvfifo.rf/grf.rf/gntv_or_sync_fifo.gl0.wr/gwss.wsts/ram_afull_i,
design_1_i/axi_mem_intercon/m00_couplers/auto_pc/inst/gen_axi4_axi3.axi3_conv_inst/USE_READ.USE_SPLIT_R.read_addr_inst/USE_R_CHANNEL.cmd_queue/inst/fifo_gen_inst/inst_fifo_gen/gconvfifo.rf/grf.rf/rstblk/ngwrdrst.grst.rd_rst_reg[2:0],
design_1_i/axi_mem_intercon/m00_couplers/auto_pc/inst/gen_axi4_axi3.axi3_conv_inst/USE_READ.USE_SPLIT_R.read_addr_inst/USE_R_CHANNEL.cmd_queue/inst/fifo_gen_inst/inst_fifo_gen/gconvfifo.rf/grf.rf/rstblk/ngwrdrst.grst.wr_rst_reg[2:0],
design_1_i/axi_mem_intercon/m00_couplers/auto_pc/inst/gen_axi4_axi3.axi3_conv_inst/USE_WRITE.write_addr_inst/USE_BURSTS.cmd_queue/inst/fifo_gen_inst/inst_fifo_gen/gconvfifo.rf/grf.rf/gntv_or_sync_fifo.gl0.rd/gr1.gr1_int.rfwft/aempty_fwft_i,
design_1_i/axi_mem_intercon/m00_couplers/auto_pc/inst/gen_axi4_axi3.axi3_conv_inst/USE_WRITE.write_addr_inst/USE_BURSTS.cmd_queue/inst/fifo_gen_inst/inst_fifo_gen/gconvfifo.rf/grf.rf/gntv_or_sync_fifo.gl0.wr/gwss.wsts/ram_afull_fb,
design_1_i/axi_mem_intercon/m00_couplers/auto_pc/inst/gen_axi4_axi3.axi3_conv_inst/USE_WRITE.write_addr_inst/USE_BURSTS.cmd_queue/inst/fifo_gen_inst/inst_fifo_gen/gconvfifo.rf/grf.rf/gntv_or_sync_fifo.gl0.wr/gwss.wsts/ram_afull_i,
design_1_i/axi_mem_intercon/m00_couplers/auto_pc/inst/gen_axi4_axi3.axi3_conv_inst/USE_WRITE.write_addr_inst/USE_BURSTS.cmd_queue/inst/fifo_gen_inst/inst_fifo_gen/gconvfifo.rf/grf.rf/rstblk/ngwrdrst.grst.rd_rst_reg[2:0],
design_1_i/axi_mem_intercon/m00_couplers/auto_pc/inst/gen_axi4_axi3.axi3_conv_inst/USE_WRITE.write_addr_inst/USE_BURSTS.cmd_queue/inst/fifo_gen_inst/inst_fifo_gen/gconvfifo.rf/grf.rf/rstblk/ngwrdrst.grst.wr_rst_reg[2:0],
design_1_i/axi_mem_intercon/m00_couplers/auto_pc/inst/gen_axi4_axi3.axi3_conv_inst/USE_WRITE.write_addr_inst/USE_B_CHANNEL.cmd_b_queue/inst/fifo_gen_inst/inst_fifo_gen/gconvfifo.rf/grf.rf/gntv_or_sync_fifo.gl0.rd/gr1.gr1_int.rfwft/aempty_fwft_i,
design_1_i/axi_mem_intercon/m00_couplers/auto_pc/inst/gen_axi4_axi3.axi3_conv_inst/USE_WRITE.write_addr_inst/USE_B_CHANNEL.cmd_b_queue/inst/fifo_gen_inst/inst_fifo_gen/gconvfifo.rf/grf.rf/gntv_or_sync_fifo.gl0.wr/gwss.wsts/ram_afull_fb,
design_1_i/axi_mem_intercon/m00_couplers/auto_pc/inst/gen_axi4_axi3.axi3_conv_inst/USE_WRITE.write_addr_inst/USE_B_CHANNEL.cmd_b_queue/inst/fifo_gen_inst/inst_fifo_gen/gconvfifo.rf/grf.rf/gntv_or_sync_fifo.gl0.wr/gwss.wsts/ram_afull_i,
design_1_i/axi_mem_intercon/m00_couplers/auto_pc/inst/gen_axi4_axi3.axi3_conv_inst/USE_WRITE.write_addr_inst/USE_B_CHANNEL.cmd_b_queue/inst/fifo_gen_inst/inst_fifo_gen/gconvfifo.rf/grf.rf/rstblk/ngwrdrst.grst.rd_rst_reg[2:0],
design_1_i/axi_mem_intercon/m00_couplers/auto_pc/inst/gen_axi4_axi3.axi3_conv_inst/USE_WRITE.write_addr_inst/USE_B_CHANNEL.cmd_b_queue/inst/fifo_gen_inst/inst_fifo_gen/gconvfifo.rf/grf.rf/rstblk/ngwrdrst.grst.wr_rst_reg[2:0]
 (the first 15 of 21 listed nets/buses).
Related violations: <none>

REQP-181#1 Advisory
writefirst  
Synchronous clocking is detected for BRAM (design_1_i/axi_dma_0/U0/I_PRMRY_DATAMOVER/GEN_MM2S_FULL.I_MM2S_FULL_WRAPPER/GEN_INCLUDE_MM2S_SF.I_RD_SF/I_DATA_FIFO/BLK_MEM.I_SYNC_FIFOGEN_FIFO/xpm_fifo_instance.xpm_fifo_sync_inst/xpm_fifo_base_inst/gen_sdpram.xpm_memory_base_inst/gen_wr_a.gen_word_narrow.mem_reg) in SDP mode with WRITE_FIRST write-mode. This is the preferred mode for best power characteristics, however it may exhibit address collisions if the same address appears on both read and write ports resulting in unknown or corrupted read data. It is suggested to confirm via simulation that an address collision never occurs and if so it is suggested to try and avoid this situation. If address collisions cannot be avoided, the write-mode may be set to READ_FIRST which guarantees that the read data is the prior contents of the memory at the cost of additional power in the design. See the FPGA Memory Resources User Guide for additional information.
Related violations: <none>

REQP-181#2 Advisory
writefirst  
Synchronous clocking is detected for BRAM (design_1_i/axi_dma_0/U0/I_PRMRY_DATAMOVER/GEN_S2MM_FULL.I_S2MM_FULL_WRAPPER/GEN_ENABLE_INDET_BTT_SF.I_INDET_BTT/I_DATA_FIFO/BLK_MEM.I_SYNC_FIFOGEN_FIFO/xpm_fifo_instance.xpm_fifo_sync_inst/xpm_fifo_base_inst/gen_sdpram.xpm_memory_base_inst/gen_wr_a.gen_word_narrow.mem_reg) in SDP mode with WRITE_FIRST write-mode. This is the preferred mode for best power characteristics, however it may exhibit address collisions if the same address appears on both read and write ports resulting in unknown or corrupted read data. It is suggested to confirm via simulation that an address collision never occurs and if so it is suggested to try and avoid this situation. If address collisions cannot be avoided, the write-mode may be set to READ_FIRST which guarantees that the read data is the prior contents of the memory at the cost of additional power in the design. See the FPGA Memory Resources User Guide for additional information.
Related violations: <none>


